PRISM
=====

Version: 4.0.2
Date: Mon Jan 13 20:40:51 GMT 2025
Hostname: 58867d1590a7
Command line: prism benchmarks/ctmcs/kanban/kanban.sm -const t=1 benchmarks/ctmcs/kanban/px.pctl -gpu

Parsing model file "benchmarks/ctmcs/kanban/kanban.sm"...

Parsing properties file "benchmarks/ctmcs/kanban/px.pctl"...

5 properties:
(1) P=? [ F<=(1000) "deadlock" ]
(2) P=? [ F<=(500) "deadlock" ]
(3) P=? [ F<=(100) "deadlock" ]
(4) P=? [ F<=(50) "deadlock" ]
(5) P=? [ F<=(2) "deadlock" ]

Model constants: t=1

-------------------------------------------

Building model...

Computing reachable states...

Reachability: 15 iterations in 0.00 seconds (average 0.000067, setup 0.00)

Time for model construction: 0.011 seconds.

Type:        CTMC
Modules:     k1 k2 k3 k4 
Variables:   w1 x1 y1 z1 w2 x2 y2 z2 w3 x3 y3 z3 w4 x4 y4 z4 

States:      160 (1 initial)
Transitions: 616

Rate matrix: 499 nodes (14 terminal), 616 minterms, vars: 16r/16c

-------------------------------------------

Model checking: "N1000": P=? [ F<=(1000) "deadlock" ]
Model constants: t=1

Number of non-absorbing states: 160 of 160 (100.0%)

Building sparse matrix... [n=160, nnz=616, compact] [2.7 KB]
Creating vector for diagonals... [dist=60, compact] [0.8 KB]
Allocating iteration vectors... [3 x 1.2 KB]
copying data 
row starts:
allocated 644
dist_dev:
allocated 120
cols_dev:
allocated 2464
soln_dev:
allocated 1280
soln2_dev:
allocated 1280
d:
allocated 320
allocated 480
allocated 1280
done:
allocated 1
copied 7 KB to GPU 
copied 0 MB to GPU 
datacpy execution time: 0.198348 seconds
TOTAL: [7.2 KB]

Uniformisation: q.t = 5.100000 x 1000.000000 = 5100.000000
Fox-Glynn: left = 4597, right = 5708

Starting GPU iterations...
mv_stbu execution time: 0.000115 seconds
freeing memory 
GPU memory freed

Iterative method: 1000 iterations in 0.01 seconds (average 0.000000, setup 0.01)

Value in the initial state: 0.0

Time for model checking: 0.2 seconds.

Result: 0.0 (value in the initial state)

-------------------------------------------

Model checking: "N500": P=? [ F<=(500) "deadlock" ]
Model constants: t=1

Number of non-absorbing states: 160 of 160 (100.0%)

Building sparse matrix... [n=160, nnz=616, compact] [2.7 KB]
Creating vector for diagonals... [dist=60, compact] [0.8 KB]
Allocating iteration vectors... [3 x 1.2 KB]
copying data 
row starts:
allocated 644
dist_dev:
allocated 120
cols_dev:
allocated 2464
soln_dev:
allocated 1280
soln2_dev:
allocated 1280
d:
allocated 320
allocated 480
allocated 1280
done:
allocated 1
copied 15 KB to GPU 
copied 0 MB to GPU 
datacpy execution time: 0.000256 seconds
TOTAL: [7.2 KB]

Uniformisation: q.t = 5.100000 x 500.000000 = 2550.000000
Fox-Glynn: left = 2194, right = 2980

Starting GPU iterations...
mv_stbu execution time: 0.000068 seconds
freeing memory 
GPU memory freed

Iterative method: 500 iterations in 0.00 seconds (average 0.000000, setup 0.00)

Value in the initial state: 0.0

Time for model checking: 0.001 seconds.

Result: 0.0 (value in the initial state)

-------------------------------------------

Model checking: "N100": P=? [ F<=(100) "deadlock" ]
Model constants: t=1

Number of non-absorbing states: 160 of 160 (100.0%)

Building sparse matrix... [n=160, nnz=616, compact] [2.7 KB]
Creating vector for diagonals... [dist=60, compact] [0.8 KB]
Allocating iteration vectors... [3 x 1.2 KB]
copying data 
row starts:
allocated 644
dist_dev:
allocated 120
cols_dev:
allocated 2464
soln_dev:
allocated 1280
soln2_dev:
allocated 1280
d:
allocated 320
allocated 480
allocated 1280
done:
allocated 1
copied 23 KB to GPU 
copied 0 MB to GPU 
datacpy execution time: 0.000352 seconds
TOTAL: [7.2 KB]

Uniformisation: q.t = 5.100000 x 100.000000 = 510.000000
Fox-Glynn: left = 348, right = 703

Starting GPU iterations...
mv_stbu execution time: 0.000035 seconds
freeing memory 
GPU memory freed

Iterative method: 100 iterations in 0.00 seconds (average 0.000000, setup 0.00)

Value in the initial state: 0.0

Time for model checking: 0.0 seconds.

Result: 0.0 (value in the initial state)

-------------------------------------------

Model checking: "N50": P=? [ F<=(50) "deadlock" ]
Model constants: t=1

Number of non-absorbing states: 160 of 160 (100.0%)

Building sparse matrix... [n=160, nnz=616, compact] [2.7 KB]
Creating vector for diagonals... [dist=60, compact] [0.8 KB]
Allocating iteration vectors... [3 x 1.2 KB]
copying data 
row starts:
allocated 644
dist_dev:
allocated 120
cols_dev:
allocated 2464
soln_dev:
allocated 1280
soln2_dev:
allocated 1280
d:
allocated 320
allocated 480
allocated 1280
done:
allocated 1
copied 30 KB to GPU 
copied 0 MB to GPU 
datacpy execution time: 0.000215 seconds
TOTAL: [7.2 KB]

Uniformisation: q.t = 5.100000 x 50.000000 = 255.000000
Fox-Glynn: left = 0, right = 344

Starting GPU iterations...
mv_stbu execution time: 0.000420 seconds
freeing memory 
GPU memory freed

Iterative method: 50 iterations in 0.00 seconds (average 0.000000, setup 0.00)

Value in the initial state: 0.0

Time for model checking: 0.0 seconds.

Result: 0.0 (value in the initial state)

-------------------------------------------

Model checking: "N2": P=? [ F<=(2) "deadlock" ]
Model constants: t=1

Number of non-absorbing states: 160 of 160 (100.0%)

Building sparse matrix... [n=160, nnz=616, compact] [2.7 KB]
Creating vector for diagonals... [dist=60, compact] [0.8 KB]
Allocating iteration vectors... [3 x 1.2 KB]
copying data 
row starts:
allocated 644
dist_dev:
allocated 120
cols_dev:
allocated 2464
soln_dev:
allocated 1280
soln2_dev:
allocated 1280
d:
allocated 320
allocated 480
allocated 1280
done:
allocated 1
copied 38 KB to GPU 
copied 0 MB to GPU 
datacpy execution time: 0.000141 seconds
TOTAL: [7.2 KB]

Uniformisation: q.t = 5.100000 x 2.000000 = 10.200000
Fox-Glynn: left = 0, right = 31

Starting GPU iterations...
mv_stbu execution time: 0.000038 seconds
freeing memory 
GPU memory freed

Iterative method: 2 iterations in 0.00 seconds (average 0.000000, setup 0.00)

Value in the initial state: 0.0

Time for model checking: 0.001 seconds.

Result: 0.0 (value in the initial state)

PRISM
=====

Version: 4.0.2
Date: Mon Jan 13 20:40:52 GMT 2025
Hostname: 58867d1590a7
Command line: prism benchmarks/ctmcs/kanban/kanban.sm -const t=2 benchmarks/ctmcs/kanban/px.pctl -gpu

Parsing model file "benchmarks/ctmcs/kanban/kanban.sm"...

Parsing properties file "benchmarks/ctmcs/kanban/px.pctl"...

5 properties:
(1) P=? [ F<=(1000) "deadlock" ]
(2) P=? [ F<=(500) "deadlock" ]
(3) P=? [ F<=(100) "deadlock" ]
(4) P=? [ F<=(50) "deadlock" ]
(5) P=? [ F<=(2) "deadlock" ]

Model constants: t=2

-------------------------------------------

Building model...

Computing reachable states...

Reachability: 29 iterations in 0.01 seconds (average 0.000310, setup 0.00)

Time for model construction: 0.018 seconds.

Type:        CTMC
Modules:     k1 k2 k3 k4 
Variables:   w1 x1 y1 z1 w2 x2 y2 z2 w3 x3 y3 z3 w4 x4 y4 z4 

States:      4600 (1 initial)
Transitions: 28120

Rate matrix: 1685 nodes (14 terminal), 28120 minterms, vars: 32r/32c

-------------------------------------------

Model checking: "N1000": P=? [ F<=(1000) "deadlock" ]
Model constants: t=2

Number of non-absorbing states: 4600 of 4600 (100.0%)

Building sparse matrix... [n=4600, nnz=28120, compact] [114.4 KB]
Creating vector for diagonals... [dist=129, compact] [10.0 KB]
Allocating iteration vectors... [3 x 35.9 KB]
copying data 
row starts:
allocated 18404
dist_dev:
allocated 120
cols_dev:
allocated 112480
soln_dev:
allocated 36800
soln2_dev:
allocated 36800
d:
allocated 9200
allocated 1032
allocated 36800
done:
allocated 1
copied 245 KB to GPU 
copied 0 MB to GPU 
datacpy execution time: 0.190070 seconds
TOTAL: [232.2 KB]

Uniformisation: q.t = 7.650000 x 1000.000000 = 7650.000000
Fox-Glynn: left = 7035, right = 8394

Starting GPU iterations...
mv_stbu execution time: 0.000182 seconds
freeing memory 
GPU memory freed

Iterative method: 1000 iterations in 0.02 seconds (average 0.000000, setup 0.02)

Value in the initial state: 0.0

Time for model checking: 0.2 seconds.

Result: 0.0 (value in the initial state)

-------------------------------------------

Model checking: "N500": P=? [ F<=(500) "deadlock" ]
Model constants: t=2

Number of non-absorbing states: 4600 of 4600 (100.0%)

Building sparse matrix... [n=4600, nnz=28120, compact] [114.4 KB]
Creating vector for diagonals... [dist=129, compact] [10.0 KB]
Allocating iteration vectors... [3 x 35.9 KB]
copying data 
row starts:
allocated 18404
dist_dev:
allocated 120
cols_dev:
allocated 112480
soln_dev:
allocated 36800
soln2_dev:
allocated 36800
d:
allocated 9200
allocated 1032
allocated 36800
done:
allocated 1
copied 491 KB to GPU 
copied 0 MB to GPU 
datacpy execution time: 0.000218 seconds
TOTAL: [232.2 KB]

Uniformisation: q.t = 7.650000 x 500.000000 = 3825.000000
Fox-Glynn: left = 3389, right = 4352

Starting GPU iterations...
mv_stbu execution time: 0.000102 seconds
freeing memory 
GPU memory freed

Iterative method: 500 iterations in 0.01 seconds (average 0.000002, setup 0.01)

Value in the initial state: 0.0

Time for model checking: 0.009 seconds.

Result: 0.0 (value in the initial state)

-------------------------------------------

Model checking: "N100": P=? [ F<=(100) "deadlock" ]
Model constants: t=2

Number of non-absorbing states: 4600 of 4600 (100.0%)

Building sparse matrix... [n=4600, nnz=28120, compact] [114.4 KB]
Creating vector for diagonals... [dist=129, compact] [10.0 KB]
Allocating iteration vectors... [3 x 35.9 KB]
copying data 
row starts:
allocated 18404
dist_dev:
allocated 120
cols_dev:
allocated 112480
soln_dev:
allocated 36800
soln2_dev:
allocated 36800
d:
allocated 9200
allocated 1032
allocated 36800
done:
allocated 1
copied 737 KB to GPU 
copied 0 MB to GPU 
datacpy execution time: 0.000204 seconds
TOTAL: [232.2 KB]

Uniformisation: q.t = 7.650000 x 100.000000 = 765.000000
Fox-Glynn: left = 569, right = 1002

Starting GPU iterations...
mv_stbu execution time: 0.000099 seconds
freeing memory 
GPU memory freed

Iterative method: 100 iterations in 0.01 seconds (average 0.000000, setup 0.01)

Value in the initial state: 0.0

Time for model checking: 0.008 seconds.

Result: 0.0 (#
# A fatal error has been detected by the Java Runtime Environment:
#
#  SIGSEGV (0xb) at pc=0x0000792c7006f468, pid=11586, tid=0x0000792c8fb38640
#
# JRE version: OpenJDK Runtime Environment (8.0_432) (build 1.8.0_432-8u432-ga~us1-0ubuntu2~22.04-ga)
# Java VM: OpenJDK 64-Bit Server VM (25.432-bga mixed mode linux-amd64 compressed oops)
# Problematic frame:
# C  [libdd.so+0x1e468]  Cudd_DebugCheck+0xaa8
#
# Core dump written. Default location: /root/StoRM-CUDA/core or core.11586
#
# An error report file with more information is saved as:
# /root/StoRM-CUDA/hs_err_pid11586.log
#
# If you would like to submit a bug report, please visit:
#   http://bugreport.java.com/bugreport/crash.jsp
# The crash happened outside the Java Virtual Machine in native code.
# See problematic frame for where to report the bug.
#
value in the initial state)

-------------------------------------------

Model checking: "N50": P=? [ F<=(50) "deadlock" ]
Model constants: t=2

Number of non-absorbing states: 4600 of 4600 (100.0%)

Building sparse matrix... [n=4600, nnz=28120, compact] [114.4 KB]
Creating vector for diagonals... [dist=129, compact] [10.0 KB]
Allocating iteration vectors... [3 x 35.9 KB]
copying data 
row starts:
allocated 18404
dist_dev:
allocated 120
cols_dev:
allocated 112480
soln_dev:
allocated 36800
soln2_dev:
allocated 36800
d:
allocated 9200
allocated 1032
allocated 36800
done:
allocated 1
copied 982 KB to GPU 
copied 0 MB to GPU 
datacpy execution time: 0.000205 seconds
TOTAL: [232.2 KB]

Uniformisation: q.t = 7.650000 x 50.000000 = 382.500000
Fox-Glynn: left = 0, right = 490

Starting GPU iterations...
mv_stbu execution time: 0.000099 seconds
freeing memory 
GPU memory freed

Iterative method: 50 iterations in 0.01 seconds (average 0.000000, setup 0.01)

Value in the initial state: 0.0

Time for model checking: 0.008 seconds.

Result: 0.0 (value in the initial state)

-------------------------------------------

Model checking: "N2": P=? [ F<=(2) "deadlock" ]
Model constants: t=2

Number of non-absorbing states: 4600 of 4600 (100.0%)

Building sparse matrix... [n=4600, nnz=28120, compact] [114.4 KB]
Creating vector for diagonals... [dist=129, compact] [10.0 KB]
Allocating iteration vectors... [3 x 35.9 KB]
copying data 
row starts:
allocated 18404
dist_dev:
allocated 120
cols_dev:
allocated 112480
soln_dev:
allocated 36800
soln2_dev:
allocated 36800
d:
allocated 9200
allocated 1032
allocated 36800
done:
allocated 1
copied 1228 KB to GPU 
copied 1 MB to GPU 
datacpy execution time: 0.000206 seconds
TOTAL: [232.2 KB]

Uniformisation: q.t = 7.650000 x 2.000000 = 15.300000
Fox-Glynn: left = 0, right = 40

Starting GPU iterations...
mv_stbu execution time: 0.000098 seconds
freeing memory 
GPU memory freed

Iterative method: 2 iterations in 0.01 seconds (average 0.000500, setup 0.01)

Value in the initial state: 0.0

Time for model checking: 0.008 seconds.

Result: 0.0 (value in the initial state)
PRISM
=====

Version: 4.0.2
Date: Mon Jan 13 20:40:53 GMT 2025
Hostname: 58867d1590a7
Command line: prism benchmarks/ctmcs/kanban/kanban.sm -const t=3 benchmarks/ctmcs/kanban/px.pctl -gpu

Parsing model file "benchmarks/ctmcs/kanban/kanban.sm"...

Parsing properties file "benchmarks/ctmcs/kanban/px.pctl"...

5 properties:
(1) P=? [ F<=(1000) "deadlock" ]
(2) P=? [ F<=(500) "deadlock" ]
(3) P=? [ F<=(100) "deadlock" ]
(4) P=? [ F<=(50) "deadlock" ]
(5) P=? [ F<=(2) "deadlock" ]

Model constants: t=3

-------------------------------------------

Building model...

Computing reachable states...

Reachability: 43 iterations in 0.02 seconds (average 0.000442, setup 0.00)

Time for model construction: 0.027 seconds.

Type:        CTMC
Modules:     k1 k2 k3 k4 
Variables:   w1 x1 y1 z1 w2 x2 y2 z2 w3 x3 y3 z3 w4 x4 y4 z4 

States:      58400 (1 initial)
Transitions: 446400

Rate matrix: 2474 nodes (14 terminal), 446400 minterms, vars: 32r/32c

-------------------------------------------

Model checking: "N1000": P=? [ F<=(1000) "deadlock" ]
Model constants: t=3

Number of non-absorbing states: 58400 of 58400 (100.0%)

Building sparse matrix... [n=58400, nnz=446400, compact] [1.8 MB]
Creating vector for diagonals... [dist=178, compact] [115.5 KB]
Allocating iteration vectors... [3 x 456.2 KB]
copying data 
row starts:
allocated 233604
dist_dev:
allocated 120
cols_dev:
allocated 1785600
soln_dev:
allocated 467200
soln2_dev:
allocated 467200
d:
allocated 116800
allocated 1424
allocated 467200
done:
allocated 1
copied 3456 KB to GPU 
copied 3 MB to GPU 
datacpy execution time: 0.199275 seconds
TOTAL: [3.2 MB]

Uniformisation: q.t = 8.466000 x 1000.000000 = 8466.000000
Fox-Glynn: left = 7819, right = 9249

Starting GPU iterations...
mv_stbu execution time: 0.000534 seconds
freeing memory 
GPU memory freed

Iterative method: 1000 iterations in 0.11 seconds (average 0.000001, setup 0.11)

Value in the initial state: 0.0

Time for model checking: 0.303 seconds.

Result: 0.0 (value in the initial state)

-------------------------------------------

Model checking: "N500": P=? [ F<=(500) "deadlock" ]
Model constants: t=3

Number of non-absorbing states: 58400 of 58400 (100.0%)

Building sparse matrix... [n=58400, nnz=446400, compact] [1.8 MB]
Creating vector for diagonals... [dist=178, compact] [115.5 KB]
Allocating iteration vectors... [3 x 456.2 KB]
copying data 
row starts:
allocated 233604
dist_dev:
allocated 120
cols_dev:
allocated 1785600
soln_dev:
allocated 467200
soln2_dev:
allocated 467200
d:
allocated 116800
allocated 1424
allocated 467200
done:
allocated 1
copied 6912 KB to GPU 
copied 6 MB to GPU 
datacpy execution time: 0.000889 seconds
TOTAL: [3.2 MB]

Uniformisation: q.t = 8.466000 x 500.000000 = 4233.000000
Fox-Glynn: left = 3775, right = 4787

Starting GPU iterations...
mv_stbu execution time: 0.000535 seconds
freeing memory 
GPU memory freed

Iterative method: 500 iterations in 0.10 seconds (average 0.000000, setup 0.10)

Value in the initial state: 0.0

Time for model checking: 0.103 seconds.

Result: 0.0 (value in the initial state)

-------------------------------------------

Model checking: "N100": P=? [ F<=(100) "deadlock" ]
Model constants: t=3

Number of non-absorbing states: 58400 of 58400 (100.0%)

Building sparse matrix... [n=58400, nnz=446400, compact] [1.8 MB]
Creating vector for diagonals... [dist=178, compact] [115.5 KB]
Allocating iteration vectors... [3 x 456.2 KB]
copying data 
row starts:
allocated 233604
dist_dev:
allocated 120
cols_dev:
allocated 1785600
soln_dev:
allocated 467200
soln2_dev:
allocated 467200
d:
allocated 116800
allocated 1424
allocated 467200
done:
allocated 1
copied 10368 KB to GPU 
copied 10 MB to GPU 
datacpy execution time: 0.000851 seconds
TOTAL: [3.2 MB]

Uniformisation: q.t = 8.466000 x 100.000000 = 846.600000
Fox-Glynn: left = 640, right = 1095

Starting GPU iterations...
mv_stbu execution time: 0.000233 seconds
freeing memory 
GPU memory freed

Iterative method: 100 iterations in 0.10 seconds (average 0.000000, setup 0.10)

Value in the initial state: 0.0

Time for model checking: 0.101 seconds.

Result: 0.0 (value in the initial state)

-------------------------------------------

Model checking: "N50": P=? [ F<=(50) "deadlock" ]
Model constants: t=3

Number of non-absorbing states: 58400 of 58400 (100.0%)

Building sparse matrix... [n=58400, nnz=446400, compact] [1.8 MB]
Creating vector for diagonals... [dist=178, compact] [115.5 KB]
Allocating iteration vectors... [3 x 456.2 KB]
copying data 
row starts:
allocated 233604
dist_dev:
allocated 120
cols_dev:
allocated 1785600
soln_dev:
allocated 467200
soln2_dev:
allocated 467200
d:
allocated 116800
allocated 1424
allocated 467200
done:
allocated 1
copied 13824 KB to GPU 
copied 13 MB to GPU 
datacpy execution time: 0.000847 seconds
TOTAL: [3.2 MB]

Uniformisation: q.t = 8.466000 x 50.000000 = 423.300000
Fox-Glynn: left = 276, right = 600

Starting GPU iterations...
mv_stbu execution time: 0.000385 seconds
freeing memory 
GPU memory freed

Iterative method: 50 iterations in 0.10 seconds (average 0.000000, setup 0.10)

Value in the initial state: 0.0

Time for model checking: 0.1 seconds.

Result: 0.0 (value in the initial state)

-------------------------------------------

Model checking: "N2": P=? [ F<=(2) "deadlock" ]
Model constants: t=3

Number of non-absorbing states: 58400 of 58400 (100.0%)

Building sparse matrix... [n=58400, nnz=446400, compact] [1.8 MB]
Creating vector for diagonals... [dist=178, compact] [115.5 KB]
Allocating iteration vectors... [3 x 456.2 KB]
copying data 
row starts:
allocated 233604
dist_dev:
allocated 120
cols_dev:
allocated 1785600
soln_dev:
allocated 467200
soln2_dev:
allocated 467200
d:
allocated 116800
allocated 1424
allocated 467200
done:
allocated 1
copied 17281 KB to GPU 
copied 16 MB to GPU 
datacpy execution time: 0.000844 seconds
TOTAL: [3.2 MB]

Uniformisation: q.t = 8.466000 x 2.000000 = 16.932000
Fox-Glynn: left = 0, right = 43

Starting GPU iterations...
mv_stbu execution time: 0.000226 seconds
freeing memory 
GPU memory freed

Iterative method: 2 iterations in 0.10 seconds (average 0.000500, setup 0.10)

Value in the initial state: 0.0

Time for model checking: 0.1 seconds.

Result: 0.0 (value in the initial state)

PRISM
=====

Version: 4.0.2
Date: Mon Jan 13 20:40:54 GMT 2025
Hostname: 58867d1590a7
Command line: prism benchmarks/ctmcs/kanban/kanban.sm -const t=4 benchmarks/ctmcs/kanban/px.pctl -gpu

Parsing model file "benchmarks/ctmcs/kanban/kanban.sm"...

Parsing properties file "benchmarks/ctmcs/kanban/px.pctl"...

5 properties:
(1) P=? [ F<=(1000) "deadlock" ]
(2) P=? [ F<=(500) "deadlock" ]
(3) P=? [ F<=(100) "deadlock" ]
(4) P=? [ F<=(50) "deadlock" ]
(5) P=? [ F<=(2) "deadlock" ]

Model constants: t=4

-------------------------------------------

Building model...

Computing reachable states...

Reachability: 57 iterations in 0.06 seconds (average 0.001000, setup 0.00)

Time for model construction: 0.073 seconds.

Type:        CTMC
Modules:     k1 k2 k3 k4 
Variables:   w1 x1 y1 z1 w2 x2 y2 z2 w3 x3 y3 z3 w4 x4 y4 z4 

States:      454475 (1 initial)
Transitions: 3979850

Rate matrix: 4900 nodes (14 terminal), 3979850 minterms, vars: 48r/48c

-------------------------------------------

Model checking: "N1000": P=? [ F<=(1000) "deadlock" ]
Model constants: t=4

Number of non-absorbing states: 454475 of 454475 (100.0%)

Building sparse matrix... [n=454475, nnz=3979850, compact] [15.6 MB]
Creating vector for diagonals... [dist=187, compact] [889.1 KB]
Allocating iteration vectors... [3 x 3.5 MB]
copying data 
row starts:
allocated 1817904
dist_dev:
allocated 120
cols_dev:
allocated 15919400
soln_dev:
allocated 3635800
soln2_dev:
allocated 3635800
d:
allocated 908950
allocated 1496
allocated 3635800
done:
allocated 1
copied 28862 KB to GPU 
copied 28 MB to GPU 
datacpy execution time: 0.227537 seconds
TOTAL: [26.9 MB]

Uniformisation: q.t = 9.180000 x 1000.000000 = 9180.000000
Fox-Glynn: left = 8507, right = 9995

Starting GPU iterations...
mv_stbu execution time: 0.002870 seconds
freeing memory 
GPU memory freed

Iterative method: 1000 iterations in 1.21 seconds (average 0.000001, setup 1.20)

Value in the initial state: 0.0

Time for model checking: 1.447 seconds.

Result: 0.0 (value in the initial state)

-------------------------------------------

Model checking: "N500": P=? [ F<=(500) "deadlock" ]
Model constants: t=4

Number of non-absorbing states: 454475 of 454475 (100.0%)

Building sparse matrix... [n=454475, nnz=3979850, compact] [15.6 MB]
Creating vector for diagonals... [dist=187, compact] [889.1 KB]
Allocating iteration vectors... [3 x 3.5 MB]
copying data 
row starts:
allocated 1817904
dist_dev:
allocated 120
cols_dev:
allocated 15919400
soln_dev:
allocated 3635800
soln2_dev:
allocated 3635800
d:
allocated 908950
allocated 1496
allocated 3635800
done:
allocated 1
copied 57725 KB to GPU 
copied 56 MB to GPU 
datacpy execution time: 0.005431 seconds
TOTAL: [26.9 MB]

Uniformisation: q.t = 9.180000 x 500.000000 = 4590.000000
Fox-Glynn: left = 4113, right = 5167

Starting GPU iterations...
mv_stbu execution time: 0.002871 seconds
freeing memory 
GPU memory freed

Iterative method: 500 iterations in 1.20 seconds (average 0.000004, setup 1.20)

Value in the initial state: 0.0

Time for model checking: 1.218 seconds.

Result: 0.0 (value in the initial state)

-------------------------------------------

Model checking: "N100": P=? [ F<=(100) "deadlock" ]
Model constants: t=4

Number of non-absorbing states: 454475 of 454475 (100.0%)

Building sparse matrix... [n=454475, nnz=3979850, compact] [15.6 MB]
Creating vector for diagonals... [dist=187, compact] [889.1 KB]
Allocating iteration vectors... [3 x 3.5 MB]
copying data 
row starts:
allocated 1817904
dist_dev:
allocated 120
cols_dev:
allocated 15919400
soln_dev:
allocated 3635800
soln2_dev:
allocated 3635800
d:
allocated 908950
allocated 1496
allocated 3635800
done:
allocated 1
copied 86587 KB to GPU 
copied 84 MB to GPU 
datacpy execution time: 0.005317 seconds
TOTAL: [26.9 MB]

Uniformisation: q.t = 9.180000 x 100.000000 = 918.000000
Fox-Glynn: left = 703, right = 1177

Starting GPU iterations...
mv_stbu execution time: 0.001171 seconds
freeing memory 
GPU memory freed

Iterative method: 100 iterations in 1.21 seconds (average 0.000020, setup 1.21)

Value in the ini#
# A fatal error has been detected by the Java Runtime Environment:
#
#  SIGSEGV (0xb) at pc=0x000078c64a87e468, pid=11682, tid=0x000078c66e65c640
#
# JRE version: OpenJDK Runtime Environment (8.0_432) (build 1.8.0_432-8u432-ga~us1-0ubuntu2~22.04-ga)
# Java VM: OpenJDK 64-Bit Server VM (25.432-bga mixed mode linux-amd64 compressed oops)
# Problematic frame:
# C  [libdd.so+0x1e468]  Cudd_DebugCheck+0xaa8
#
# Core dump written. Default location: /root/StoRM-CUDA/core or core.11682
#
# An error report file with more information is saved as:
# /root/StoRM-CUDA/hs_err_pid11682.log
#
# If you would like to submit a bug report, please visit:
#   http://bugreport.java.com/bugreport/crash.jsp
# The crash happened outside the Java Virtual Machine in native code.
# See problematic frame for where to report the bug.
#
tial state: 0.0

Time for model checking: 1.221 seconds.

Result: 0.0 (value in the initial state)

-------------------------------------------

Model checking: "N50": P=? [ F<=(50) "deadlock" ]
Model constants: t=4

Number of non-absorbing states: 454475 of 454475 (100.0%)

Building sparse matrix... [n=454475, nnz=3979850, compact] [15.6 MB]
Creating vector for diagonals... [dist=187, compact] [889.1 KB]
Allocating iteration vectors... [3 x 3.5 MB]
copying data 
row starts:
allocated 1817904
dist_dev:
allocated 120
cols_dev:
allocated 15919400
soln_dev:
allocated 3635800
soln2_dev:
allocated 3635800
d:
allocated 908950
allocated 1496
allocated 3635800
done:
allocated 1
copied 115450 KB to GPU 
copied 112 MB to GPU 
datacpy execution time: 0.005440 seconds
TOTAL: [26.9 MB]

Uniformisation: q.t = 9.180000 x 50.000000 = 459.000000
Fox-Glynn: left = 306, right = 643

Starting GPU iterations...
mv_stbu execution time: 0.002775 seconds
freeing memory 
GPU memory freed

Iterative method: 50 iterations in 1.20 seconds (average 0.000020, setup 1.20)

Value in the initial state: 0.0

Time for model checking: 1.211 seconds.

Result: 0.0 (value in the initial state)

-------------------------------------------

Model checking: "N2": P=? [ F<=(2) "deadlock" ]
Model constants: t=4

Number of non-absorbing states: 454475 of 454475 (100.0%)

Building sparse matrix... [n=454475, nnz=3979850, compact] [15.6 MB]
Creating vector for diagonals... [dist=187, compact] [889.1 KB]
Allocating iteration vectors... [3 x 3.5 MB]
copying data 
row starts:
allocated 1817904
dist_dev:
allocated 120
cols_dev:
allocated 15919400
soln_dev:
allocated 3635800
soln2_dev:
allocated 3635800
d:
allocated 908950
allocated 1496
allocated 3635800
done:
allocated 1
copied 144312 KB to GPU 
copied 140 MB to GPU 
datacpy execution time: 0.005334 seconds
TOTAL: [26.9 MB]

Uniformisation: q.t = 9.180000 x 2.000000 = 18.360000
Fox-Glynn: left = 0, right = 45

Starting GPU iterations...
mv_stbu execution time: 0.001094 seconds
freeing memory 
GPU memory freed

Iterative method: 2 iterations in 1.20 seconds (average 0.000000, setup 1.20)

Value in the initial state: 0.0

Time for model checking: 1.209 seconds.

Result: 0.0 (value in the initial state)
PRISM
=====

Version: 4.0.2
Date: Mon Jan 13 20:41:01 GMT 2025
Hostname: 58867d1590a7
Command line: prism benchmarks/ctmcs/kanban/kanban.sm -const t=5 benchmarks/ctmcs/kanban/px.pctl -gpu

Parsing model file "benchmarks/ctmcs/kanban/kanban.sm"...

Parsing properties file "benchmarks/ctmcs/kanban/px.pctl"...

5 properties:
(1) P=? [ F<=(1000) "deadlock" ]
(2) P=? [ F<=(500) "deadlock" ]
(3) P=? [ F<=(100) "deadlock" ]
(4) P=? [ F<=(50) "deadlock" ]
(5) P=? [ F<=(2) "deadlock" ]

Model constants: t=5

-------------------------------------------

Building model...

Computing reachable states...

Reachability: 71 iterations in 0.11 seconds (average 0.001535, setup 0.00)

Time for model construction: 0.126 seconds.

Type:        CTMC
Modules:     k1 k2 k3 k4 
Variables:   w1 x1 y1 z1 w2 x2 y2 z2 w3 x3 y3 z3 w4 x4 y4 z4 

States:      2546432 (1 initial)
Transitions: 24460016

Rate matrix: 6308 nodes (14 terminal), 24460016 minterms, vars: 48r/48c

-------------------------------------------

Model checking: "N1000": P=? [ F<=(1000) "deadlock" ]
Model constants: t=5

Number of non-absorbing states: 2546432 of 2546432 (100.0%)

Building sparse matrix... [n=2546432, nnz=24460016, compact] [95.7 MB]
Creating vector for diagonals... [dist=187, compact] [4.9 MB]
Allocating iteration vectors... [3 x 19.4 MB]
copying data 
row starts:
allocated 10185732
dist_dev:
allocated 120
cols_dev:
allocated 97840064
soln_dev:
allocated 20371456
soln2_dev:
allocated 20371456
d:
allocated 5092864
allocated 1496
allocated 20371456
done:
allocated 1
copied 170151 KB to GPU 
copied 166 MB to GPU 
datacpy execution time: 0.311499 seconds
TOTAL: [158.9 MB]

Uniformisation: q.t = 9.180000 x 1000.000000 = 9180.000000
Fox-Glynn: left = 8507, right = 9995

Starting GPU iterations...
mv_stbu execution time: 0.014147 seconds
freeing memory 
GPU memory freed

Iterative method: 1000 iterations in 6.99 seconds (average 0.000003, setup 6.99)

Value in the initial state: 0.0

Time for model checking: 7.395 seconds.

Result: 0.0 (value in the initial state)

-------------------------------------------

Model checking: "N500": P=? [ F<=(500) "deadlock" ]
Model constants: t=5

Number of non-absorbing states: 2546432 of 2546432 (100.0%)

Building sparse matrix... [n=2546432, nnz=24460016, compact] [95.7 MB]
Creating vector for diagonals... [dist=187, compact] [4.9 MB]
Allocating iteration vectors... [3 x 19.4 MB]
copying data 
row starts:
allocated 10185732
dist_dev:
allocated 120
cols_dev:
allocated 97840064
soln_dev:
allocated 20371456
soln2_dev:
allocated 20371456
d:
allocated 5092864
allocated 1496
allocated 20371456
done:
allocated 1
copied 340302 KB to GPU 
copied 332 MB to GPU 
datacpy execution time: 0.027981 seconds
TOTAL: [158.9 MB]

Uniformisation: q.t = 9.180000 x 500.000000 = 4590.000000
Fox-Glynn: left = 4113, right = 5167

Starting GPU iterations...
mv_stbu execution time: 0.014285 seconds
freeing memory 
GPU memory freed

Iterative method: 500 iterations in 7.01 seconds (average 0.000008, setup 7.01)

Value in the initial state: 0.0

Time for model checking: 7.125 seconds.

Result: 0.0 (value in the initial state)

-------------------------------------------

Model checking: "N100": P=? [ F<=(100) "deadlock" ]
Model constants: t=5

Number of non-absorbing states: 2546432 of 2546432 (100.0%)

Building sparse matrix... [n=2546432, nnz=24460016, compact] [95.7 MB]
Creating vector for diagonals... [dist=187, compact] [4.9 MB]
Allocating iteration vectors... [3 x 19.4 MB]
copying data 
row starts:
allocated 10185732
dist_dev:
allocated 120
cols_dev:
allocated 97840064
soln_dev:
allocated 20371456
soln2_dev:
allocated 20371456
d:
allocated 5092864
allocated 1496
allocated 20371456
done:
allocated 1
copied 510453 KB to GPU 
copied 498 MB to GPU 
datacpy execution time: 0.028137 seconds
TOTAL: [158.9 MB]

Uniformisation: q.t = 9.180000 x 100.000000 = 918.000000
Fox-Glynn: left = 703, right = 1177

Starting GPU iterations...
mv_stbu execution time: 0.005257 seconds
freeing memory 
GPU memory freed

Iterative method: 100 iterations in 7.07 seconds (average 0.000060, setup 7.06)

Value in the initial state: 0.0

Time for model checking: 7.169 seconds.

Result: 0.0 (value in the initial state)

-------------------------------------------

Model checking: "N50": P=? [ F<=(50) "deadlock" ]
Model constants: t=5

Number of non-absorbing states: 2546432 of 2546432 (100.0%)

Building sparse matrix... [n=2546432, nnz=24460016, compact] [95.7 MB]
Creating vector for diagonals... [dist=187, compact] [4.9 MB]
Allocating iteration vectors... [3 x 19.4 MB]
copying data 
row starts:
allocated 10185732
dist_dev:
allocated 120
cols_dev:
allocated 97840064
soln_dev:
allocated 20371456
soln2_dev:
allocated 20371456
d:
allocated 5092864
allocated 1496
allocated 20371456
done:
allocated 1
copied 680604 KB to GPU 
copied 664 MB to GPU 
datacpy execution time: 0.027863 seconds
TOTAL: [158.9 MB]

Uniformisation: q.t = 9.180000 x 50.000000 = 459.000000
Fox-Glynn: left = 306, right = 643

Starting GPU iterations...
mv_stbu execution time: 0.013209 seconds
freeing memory 
GPU memory freed

Iterative method: 50 iterations in 6.98 seconds (average 0.000120, setup 6.98)

Value in the initial state: 0.0

Time for model checking: 7.085 seconds.

Result: 0.0 (value in the initial state)

-------------------------------------------

Model checking: "N2": P=? [ F<=(2) "deadlock" ]
Model constants: t=5

Number of non-absorbing states: 2546432 of 2546432 (100.0%)

Building sparse matrix... [n=2546432, nnz=24460016, compact] [95.7 MB]
Creating vector for diagonals... [dist=187, compact] [4.9 MB]
Allocating iteration vectors... [3 x 19.4 MB]
copying data 
row starts:
allocated 10185732
dist_dev:
allocated 120
cols_dev:
allocated 97840064
soln_dev:
allocated 20371456
soln2_dev:
allocated 20371456
d:
allocated 5092864
allocated 1496
allocated 20371456
done:
allocated 1
copied 850755 KB to GPU 
copied 830 MB to GPU 
datacpy execution time: 0.027732 seconds
TOTAL: [158.9 MB]

Uniformisation: q.t = 9.180000 x 2.000000 = 18.360000
Fox-Glynn: left = 0, right = 45

Starting GPU iterations...
mv_stbu execution time: 0.009495 seconds
freeing memory 
GPU memory freed

Iterative method: 2 iterations in 7.10 seconds (average 0.003500, setup 7.09)

Value in the initial state: 0.0

Time for model checking: 7.184 seconds.

Result: 0.0 (value in the initial state)

PRISM
=====

Version: 4.0.2
Date: Mon Jan 13 20:41:38 GMT 2025
Hostname: 58867d1590a7
Command line: prism benchmarks/ctmcs/kanban/kanban.sm -const t=6 benchmarks/ctmcs/kanban/px.pctl -gpu

Parsing model file "benchmarks/ctmcs/kanban/kanban.sm"...

Parsing properties file "benchmarks/ctmcs/kanban/px.pctl"...

5 properties:
(1) P=? [ F<=(1000) "deadlock" ]
(2) P=? [ F<=(500) "deadlock" ]
(3) P=? [ F<=(100) "deadlock" ]
(4) P=? [ F<=(50) "deadlock" ]
(5) P=? [ F<=(2) "deadlock" ]

Model constants: t=6

-------------------------------------------

Building model...

Computing reachable states...

Reachability: 85 iterations in 0.20 seconds (average 0.002318, setup 0.00)

Time for model construction: 0.221 seconds.

Type:        CTMC
Modules:     k1 k2 k3 k4 
Variables:   w1 x1 y1 z1 w2 x2 y2 z2 w3 x3 y3 z3 w4 x4 y4 z4 

States:      11261376 (1 initial)
Transitions: 115708992

Rate matrix: 7876 nodes (14 terminal), 115708992 minterms, vars: 48r/48c

-------------------------------------------

Model checking: "N1000": P=? [ F<=(1000) "deadlock" ]
Model constants: t=6

Number of non-absorbing states: 11261376 of 11261376 (100.0%)

Building sparse matrix... [n=11261376, nnz=115708992, compact] [452.1 MB]
Creating vector for diagonals... [dist=187, compact] [21.5 MB]
Allocating iteration vectors... [3 x 85.9 MB]
copying data 
row starts:
allocated 45045508
dist_dev:
allocated 120
cols_dev:
allocated 462835968
soln_dev:
allocated 90091008
soln2_dev:
allocated 90091008
d:
allocated 22522752
allocated 1496
allocated 90091008
done:
allocated 1
copied 781912 KB to GPU 
copied 763 MB to GPU 
datacpy execution time: 0.411389 seconds
TOTAL: [731.4 MB]

Uniformisation: q.t = 9.180000 x 1000.000000 = 9180.000000
Fox-Glynn: left = 8507, right = 9995

Starting GPU iterations...
mv_stbu execution time: 0.061235 seconds
freeing memory 
GPU memory freed

Iterative method: 1000 iterations in 31.77 seconds (average 0.000028, setup 31.74)

Value in the initial state: 0.0

Time for model checking: 32.713 seconds.

Result: 0.0 (value in the initial state)

-------------------------------------------

Model checking: "N500": P=? [ F<=(500) "deadlock" ]
Model constants: t=6

Number of non-absorbing states: 11261376 of 11261376 (100.0%)

Building sparse matrix... [n=11261376, nnz=115708992, compact] [452.1 MB]
Creating vector for diagonals... [dist=187, compact] [21.5 MB]
Allocating iteration vectors... [3 x 85.9 MB]
copying data 
row starts:
allocated 45045508
dist_dev:
allocated 120
cols_dev:
allocated 462835968
soln_dev:
allocated 90091008
soln2_dev:
allocated 90091008
d:
allocated 22522752
allocated 1496
allocated 90091008
done:
allocated 1
copied 1563825 KB to GPU 
copied 1527 MB to GPU 
datacpy execution time: 0.161743 seconds
TOTAL: [731.4 MB]

Uniformisation: q.t = 9.180000 x 500.000000 = 4590.000000
Fox-Glynn: left = 4113, right = 5167

Starting GPU iterations...
mv_stbu execution time: 0.061175 seconds
freeing memory 
GPU memory freed

Iterative method: 500 iterations in 31.71 seconds (average 0.000038, setup 31.69)

Value in the initial state: 0.0

Time for model checking: 32.352 seconds.

Result: 0.0 (value in the initial state)

-------------------------------------------

Model checking: "N100": P=? [ F<=(100) "deadlock" ]
Model constants: t=6

Number of non-absorbing states: 11261376 of 11261376 (100.0%)

Building sparse matrix... [n=11261376, nnz=115708992, compact] [452.1 MB]
Creating vector for diagonals... [dist=187, compact] [21.5 MB]
Allocating iteration vectors... [3 x 85.9 MB]
copying data 
row starts:
allocated 45045508
dist_dev:
allocated 120
cols_dev:
allocated 462835968
soln_dev:
allocated 90091008
soln2_dev:
allocated 90091008
d:
allocated 22522752
allocated 1496
allocated 90091008
done:
allocated 1
copied -1848565 KB to GPU 
copied -1805 MB to GPU 
datacpy execution time: 0.157080 seconds
TOTAL: [731.4 MB]

Uniformisation: q.t = 9.180000 x 100.000000 = 918.000000
Fox-Glynn: left = 703, right = 1177

Starting GPU iterations...
mv_stbu execution time: 0.061375 seconds
freeing memory 
GPU memory freed

Iterative method: 100 #
# A fatal error has been detected by the Java Runtime Environment:
#
#  SIGSEGV (0xb) at pc=0x00007b129cca4468, pid=11780, tid=0x00007b12c0cba640
#
# JRE version: OpenJDK Runtime Environment (8.0_432) (build 1.8.0_432-8u432-ga~us1-0ubuntu2~22.04-ga)
# Java VM: OpenJDK 64-Bit Server VM (25.432-bga mixed mode linux-amd64 compressed oops)
# Problematic frame:
# C  [libdd.so+0x1e468]  Cudd_DebugCheck+0xaa8
#
# Core dump written. Default location: /root/StoRM-CUDA/core or core.11780
#
# An error report file with more information is saved as:
# /root/StoRM-CUDA/hs_err_pid11780.log
#
# If you would like to submit a bug report, please visit:
#   http://bugreport.java.com/bugreport/crash.jsp
# The crash happened outside the Java Virtual Machine in native code.
# See problematic frame for where to report the bug.
#
iterations in 31.69 seconds (average 0.000200, setup 31.67)

Value in the initial state: 0.0

Time for model checking: 32.375 seconds.

Result: 0.0 (value in the initial state)

-------------------------------------------

Model checking: "N50": P=? [ F<=(50) "deadlock" ]
Model constants: t=6

Number of non-absorbing states: 11261376 of 11261376 (100.0%)

Building sparse matrix... [n=11261376, nnz=115708992, compact] [452.1 MB]
Creating vector for diagonals... [dist=187, compact] [21.5 MB]
Allocating iteration vectors... [3 x 85.9 MB]
copying data 
row starts:
allocated 45045508
dist_dev:
allocated 120
cols_dev:
allocated 462835968
soln_dev:
allocated 90091008
soln2_dev:
allocated 90091008
d:
allocated 22522752
allocated 1496
allocated 90091008
done:
allocated 1
copied -1066652 KB to GPU 
copied -1041 MB to GPU 
datacpy execution time: 0.154159 seconds
TOTAL: [731.4 MB]

Uniformisation: q.t = 9.180000 x 50.000000 = 459.000000
Fox-Glynn: left = 306, right = 643

Starting GPU iterations...
mv_stbu execution time: 0.061265 seconds
freeing memory 
GPU memory freed

Iterative method: 50 iterations in 31.66 seconds (average 0.000480, setup 31.64)

Value in the initial state: 0.0

Time for model checking: 32.266 seconds.

Result: 0.0 (value in the initial state)

-------------------------------------------

Model checking: "N2": P=? [ F<=(2) "deadlock" ]
Model constants: t=6

Number of non-absorbing states: 11261376 of 11261376 (100.0%)

Building sparse matrix... [n=11261376, nnz=115708992, compact] [452.1 MB]
Creating vector for diagonals... [dist=187, compact] [21.5 MB]
Allocating iteration vectors... [3 x 85.9 MB]
copying data 
row starts:
allocated 45045508
dist_dev:
allocated 120
cols_dev:
allocated 462835968
soln_dev:
allocated 90091008
soln2_dev:
allocated 90091008
d:
allocated 22522752
allocated 1496
allocated 90091008
done:
allocated 1
copied -284739 KB to GPU 
copied -278 MB to GPU 
datacpy execution time: 0.157471 seconds
TOTAL: [731.4 MB]

Uniformisation: q.t = 9.180000 x 2.000000 = 18.360000
Fox-Glynn: left = 0, right = 45

Starting GPU iterations...
mv_stbu execution time: 0.062787 seconds
freeing memory 
GPU memory freed

Iterative method: 2 iterations in 31.84 seconds (average 0.014000, setup 31.81)

Value in the initial state: 0.0

Time for model checking: 32.461 seconds.

Result: 0.0 (value in the initial state)
PRISM
=====

Version: 4.0.2
Date: Mon Jan 13 20:44:21 GMT 2025
Hostname: 58867d1590a7
Command line: prism benchmarks/ctmcs/kanban/kanban.sm -const t=7 benchmarks/ctmcs/kanban/px.pctl -gpu

Parsing model file "benchmarks/ctmcs/kanban/kanban.sm"...

Parsing properties file "benchmarks/ctmcs/kanban/px.pctl"...

5 properties:
(1) P=? [ F<=(1000) "deadlock" ]
(2) P=? [ F<=(500) "deadlock" ]
(3) P=? [ F<=(100) "deadlock" ]
(4) P=? [ F<=(50) "deadlock" ]
(5) P=? [ F<=(2) "deadlock" ]

Model constants: t=7

-------------------------------------------

Building model...

Computing reachable states...

Reachability: 99 iterations in 0.34 seconds (average 0.003444, setup 0.00)

Time for model construction: 0.363 seconds.

Type:        CTMC
Modules:     k1 k2 k3 k4 
Variables:   w1 x1 y1 z1 w2 x2 y2 z2 w3 x3 y3 z3 w4 x4 y4 z4 

States:      41644800 (1 initial)
Transitions: 450455040

Rate matrix: 9521 nodes (14 terminal), 450455040 minterms, vars: 48r/48c

-------------------------------------------

Model checking: "N1000": P=? [ F<=(1000) "deadlock" ]
Model constants: t=7

Number of non-absorbing states: 41644800 of 41644800 (100.0%)

Building sparse matrix... [n=41644800, nnz=450455040, compact] [1.7 GB]
Creating vector for diagonals... [dist=187, compact] [79.4 MB]
Allocating iteration vectors... [3 x 317.7 MB]
copying data 
row starts:
allocated 166579204
dist_dev:
allocated 120
cols_dev:
allocated 1801820160
soln_dev:
allocated 333158400
soln2_dev:
allocated 333158400
d:
allocated 83289600
allocated 1496
allocated 333158400
done:
allocated 1
copied -1214649 KB to GPU 
copied -1186 MB to GPU 
datacpy execution time: 0.760246 seconds
TOTAL: [2.7 GB]

Uniformisation: q.t = 9.180000 x 1000.000000 = 9180.000000
Fox-Glynn: left = 8507, right = 9995

Starting GPU iterations...
mv_stbu execution time: 0.225751 seconds
freeing memory 
GPU memory freed

Iterative method: 1000 iterations in 120.29 seconds (average 0.000085, setup 120.20)

Value in the initial state: 0.0

Time for model checking: 123.076 seconds.

Result: 0.0 (value in the initial state)

-------------------------------------------

Model checking: "N500": P=? [ F<=(500) "deadlock" ]
Model constants: t=7

Number of non-absorbing states: 41644800 of 41644800 (100.0%)

Building sparse matrix... [n=41644800, nnz=450455040, compact] [1.7 GB]
Creating vector for diagonals... [dist=187, compact] [79.4 MB]
Allocating iteration vectors... [3 x 317.7 MB]
copying data 
row starts:
allocated 166579204
dist_dev:
allocated 120
cols_dev:
allocated 1801820160
soln_dev:
allocated 333158400
soln2_dev:
allocated 333158400
d:
allocated 83289600
allocated 1496
allocated 333158400
done:
allocated 1
copied 1765004 KB to GPU 
copied 1723 MB to GPU 
datacpy execution time: 0.511689 seconds
TOTAL: [2.7 GB]

Uniformisation: q.t = 9.180000 x 500.000000 = 4590.000000
Fox-Glynn: left = 4113, right = 5167

Starting GPU iterations...
mv_stbu execution time: 0.224541 seconds
freeing memory 
GPU memory freed

Iterative method: 500 iterations in 120.31 seconds (average 0.000172, setup 120.23)

Value in the initial state: 0.0

Time for model checking: 122.586 seconds.

Result: 0.0 (value in the initial state)

-------------------------------------------

Model checking: "N100": P=? [ F<=(100) "deadlock" ]
Model constants: t=7

Number of non-absorbing states: 41644800 of 41644800 (100.0%)

Building sparse matrix... [n=41644800, nnz=450455040, compact] [1.7 GB]
Creating vector for diagonals... [dist=187, compact] [79.4 MB]
Allocating iteration vectors... [3 x 317.7 MB]
copying data 
row starts:
allocated 166579204
dist_dev:
allocated 120
cols_dev:
allocated 1801820160
soln_dev:
allocated 333158400
soln2_dev:
allocated 333158400
d:
allocated 83289600
allocated 1496
allocated 333158400
done:
allocated 1
copied 550354 KB to GPU 
copied 537 MB to GPU 
datacpy execution time: 0.506871 seconds
TOTAL: [2.7 GB]

Uniformisation: q.t = 9.180000 x 100.000000 = 918.000000
Fox-Glynn: left = 703, right = 1177

Starting GPU iterations...
mv_stbu execution time: 0.223822 seconds
freeing memory 
GPU memory freed

Iterative method: 100 iterations in 120.07 seconds (average 0.000790, setup 119.99)

Value in the initial state: 0.0

Time for model checking: 122.286 seconds.

Result: 0.0 (value in the initial state)

-------------------------------------------

Model checking: "N50": P=? [ F<=(50) "deadlock" ]
Model constants: t=7

Number of non-absorbing states: 41644800 of 41644800 (100.0%)

Building sparse matrix... [n=41644800, nnz=450455040, compact] [1.7 GB]
Creating vector for diagonals... [dist=187, compact] [79.4 MB]
Allocating iteration vectors... [3 x 317.7 MB]
copying data 
row starts:
allocated 166579204
dist_dev:
allocated 120
cols_dev:
allocated 1801820160
soln_dev:
allocated 333158400
soln2_dev:
allocated 333158400
d:
allocated 83289600
allocated 1496
allocated 333158400
done:
allocated 1
copied -664295 KB to GPU 
copied -648 MB to GPU 
datacpy execution time: 0.513417 seconds
TOTAL: [2.7 GB]

Uniformisation: q.t = 9.180000 x 50.000000 = 459.000000
Fox-Glynn: left = 306, right = 643

Starting GPU iterations...
mv_stbu execution time: 0.223456 seconds
freeing memory 
GPU memory freed

Iterative method: 50 iterations in 120.03 seconds (average 0.001400, setup 119.96)

Value in the initial state: 0.0

Time for model checking: 122.214 seconds.

Result: 0.0 (value in the initial state)

-------------------------------------------

Model checking: "N2": P=? [ F<=(2) "deadlock" ]
Model constants: t=7

Number of non-absorbing states: 41644800 of 41644800 (100.0%)

Building sparse matrix... [n=41644800, nnz=450455040, compact] [1.7 GB]
Creating vector for diagonals... [dist=187, compact] [79.4 MB]
Allocating iteration vectors... [3 x 317.7 MB]
copying data 
row starts:
allocated 166579204
dist_dev:
allocated 120
cols_dev:
allocated 1801820160
soln_dev:
allocated 333158400
soln2_dev:
allocated 333158400
d:
allocated 83289600
allocated 1496
allocated 333158400
done:
allocated 1
copied -1878945 KB to GPU 
copied -1834 MB to GPU 
datacpy execution time: 0.513623 seconds
TOTAL: [2.7 GB]

Uniformisation: q.t = 9.180000 x 2.000000 = 18.360000
Fox-Glynn: left = 0, right = 45

Starting GPU iterations...
mv_stbu execution time: 0.230041 seconds
freeing memory 
GPU memory freed

Iterative method: 2 iterations in 120.30 seconds (average 0.040000, setup 120.22)

Value in the initial state: 0.0

Time for model checking: 122.686 seconds.

Result: 0.0 (value in the initial state)

