PRISM
=====

Version: 4.0.2
Date: Mon Jan 13 19:54:23 GMT 2025
Hostname: 58867d1590a7
Command line: prism benchmarks/dtmcs/brp/brp.pm -const 'N=16,MAX=2' benchmarks/dtmcs/brp/px.pctl -gpu

Parsing model file "benchmarks/dtmcs/brp/brp.pm"...

Parsing properties file "benchmarks/dtmcs/brp/px.pctl"...

5 properties:
(1) P=? [ F<=1000 "deadlock" ]
(2) P=? [ F<=500 "deadlock" ]
(3) P=? [ F<=100 "deadlock" ]
(4) P=? [ F<=50 "deadlock" ]
(5) P=? [ F<=2 "deadlock" ]

Model constants: N=16,MAX=2

-------------------------------------------

Building model...

Computing reachable states...

Reachability: 105 iterations in 0.02 seconds (average 0.000200, setup 0.00)

Time for model construction: 0.041 seconds.

Type:        DTMC
Modules:     sender receiver checker channelK channelL 
Variables:   s srep nrtr i bs s_ab fs ls r rrep fr lr br r_ab recv T k l 

States:      677 (1 initial)
Transitions: 832

Transition matrix: 2058 nodes (6 terminal), 832 minterms, vars: 32r/32c

Error: Model contains 35 deadlock states.
The first 10 deadlock states are displayed below. To view them all use the -v switch.
1:(0,1,2,1,false,false,true,false,0,0,false,false,false,false,false,true,0,0)
2:(0,1,2,1,false,false,true,false,0,0,true,false,false,true,true,true,0,0)
3:(0,1,2,2,true,false,false,false,0,0,false,false,true,false,true,true,0,0)
4:(0,1,2,2,true,false,false,false,0,0,true,false,false,true,true,true,0,0)
5:(0,1,2,3,false,false,false,false,0,0,false,false,false,true,true,true,0,0)
6:(0,1,2,3,false,false,false,false,0,0,false,false,true,false,true,true,0,0)
7:(0,1,2,4,true,false,false,false,0,0,false,false,false,true,true,true,0,0)
8:(0,1,2,4,true,false,false,false,0,0,false,false,true,false,true,true,0,0)
9:(0,1,2,5,false,false,false,false,0,0,false,false,false,true,true,true,0,0)
10:(0,1,2,5,false,false,false,false,0,0,false,false,true,false,true,true,0,0)

Tip: Use the -fixdl switch to automatically add self-loops in deadlock states.
PRISM
=====

Version: 4.0.2
Date: Mon Jan 13 19:54:23 GMT 2025
Hostname: 58867d1590a7
Command line: prism benchmarks/dtmcs/brp/brp.pm -const 'N=16,MAX=3' benchmarks/dtmcs/brp/px.pctl -gpu

Parsing model file "benchmarks/dtmcs/brp/brp.pm"...

Parsing properties file "benchmarks/dtmcs/brp/px.pctl"...

5 properties:
(1) P=? [ F<=1000 "deadlock" ]
(2) P=? [ F<=500 "deadlock" ]
(3) P=? [ F<=100 "deadlock" ]
(4) P=? [ F<=50 "deadlock" ]
(5) P=? [ F<=2 "deadlock" ]

Model constants: N=16,MAX=3

-------------------------------------------

Building model...

Computing reachable states...

Reachability: 107 iterations in 0.02 seconds (average 0.000224, setup 0.00)

Time for model construction: 0.047 seconds.

Type:        DTMC
Modules:     sender receiver checker channelK channelL 
Variables:   s srep nrtr i bs s_ab fs ls r rrep fr lr br r_ab recv T k l 

States:      886 (1 initial)
Transitions: 1119

Transition matrix: 2055 nodes (6 terminal), 1119 minterms, vars: 32r/32c

Error: Model contains 36 deadlock states.
The first 10 deadlock states are displayed below. To view them all use the -v switch.
1:(0,1,3,1,false,false,true,false,0,0,false,false,false,false,false,true,0,0)
2:(0,1,3,1,false,false,true,false,0,0,true,false,false,true,true,true,0,0)
3:(0,1,3,2,true,false,false,false,0,0,false,false,true,false,true,true,0,0)
4:(0,1,3,2,true,false,false,false,0,0,true,false,false,true,true,true,0,0)
5:(0,1,3,3,false,false,false,false,0,0,false,false,false,true,true,true,0,0)
6:(0,1,3,3,false,false,false,false,0,0,false,false,true,false,true,true,0,0)
7:(0,1,3,4,true,false,false,false,0,0,false,false,false,true,true,true,0,0)
8:(0,1,3,4,true,false,false,false,0,0,false,false,true,false,true,true,0,0)
9:(0,1,3,5,false,false,false,false,0,0,false,false,false,true,true,true,0,0)
10:(0,1,3,5,false,false,false,false,0,0,false,false,true,false,true,true,0,0)

Tip: Use the -fixdl switch to automatically add self-loops in deadlock states.
#
# A fatal error has been detected by the Java Runtime Environment:
#
#  SIGSEGV (0xb) at pc=0x0000764771c1e468, pid=7777, tid=0x00007647959ec640
#
# JRE version: OpenJDK Runtime Environment (8.0_432) (build 1.8.0_432-8u432-ga~us1-0ubuntu2~22.04-ga)
# Java VM: OpenJDK 64-Bit Server VM (25.432-bga mixed mode linux-amd64 compressed oops)
# Problematic frame:
# C  [libdd.so+0x1e468]  Cudd_DebugCheck+0xaa8
#
# Core dump written. Default location: /root/StoRM-CUDA/core or core.7777
#
# An error report file with more information is saved as:
# /root/StoRM-CUDA/hs_err_pid7777.log
#
# If you would like to submit a bug report, please visit:
#   http://bugreport.java.com/bugreport/crash.jsp
# The crash happened outside the Java Virtual Machine in native code.
# See problematic frame for where to report the bug.
#
PRISM
=====

Version: 4.0.2
Date: Mon Jan 13 19:54:23 GMT 2025
Hostname: 58867d1590a7
Command line: prism benchmarks/dtmcs/brp/brp.pm -const 'N=16,MAX=4' benchmarks/dtmcs/brp/px.pctl -gpu

Parsing model file "benchmarks/dtmcs/brp/brp.pm"...

Parsing properties file "benchmarks/dtmcs/brp/px.pctl"...

5 properties:
(1) P=? [ F<=1000 "deadlock" ]
(2) P=? [ F<=500 "deadlock" ]
(3) P=? [ F<=100 "deadlock" ]
(4) P=? [ F<=50 "deadlock" ]
(5) P=? [ F<=2 "deadlock" ]

Model constants: N=16,MAX=4

-------------------------------------------

Building model...

Computing reachable states...

Reachability: 109 iterations in 0.03 seconds (average 0.000239, setup 0.00)

Time for model construction: 0.05 seconds.

Type:        DTMC
Modules:     sender receiver checker channelK channelL 
Variables:   s srep nrtr i bs s_ab fs ls r rrep fr lr br r_ab recv T k l 

States:      1095 (1 initial)
Transitions: 1406

Transition matrix: 2109 nodes (6 terminal), 1406 minterms, vars: 33r/33c

Error: Model contains 37 deadlock states.
The first 10 deadlock states are displayed below. To view them all use the -v switch.
1:(0,1,4,1,false,false,true,false,0,0,false,false,false,false,false,true,0,0)
2:(0,1,4,1,false,false,true,false,0,0,true,false,false,true,true,true,0,0)
3:(0,1,4,2,true,false,false,false,0,0,false,false,true,false,true,true,0,0)
4:(0,1,4,2,true,false,false,false,0,0,true,false,false,true,true,true,0,0)
5:(0,1,4,3,false,false,false,false,0,0,false,false,false,true,true,true,0,0)
6:(0,1,4,3,false,false,false,false,0,0,false,false,true,false,true,true,0,0)
7:(0,1,4,4,true,false,false,false,0,0,false,false,false,true,true,true,0,0)
8:(0,1,4,4,true,false,false,false,0,0,false,false,true,false,true,true,0,0)
9:(0,1,4,5,false,false,false,false,0,0,false,false,false,true,true,true,0,0)
10:(0,1,4,5,false,false,false,false,0,0,false,false,true,false,true,true,0,0)

Tip: Use the -fixdl switch to automatically add self-loops in deadlock states.
PRISM
=====

Version: 4.0.2
Date: Mon Jan 13 19:54:24 GMT 2025
Hostname: 58867d1590a7
Command line: prism benchmarks/dtmcs/brp/brp.pm -const 'N=16,MAX=5' benchmarks/dtmcs/brp/px.pctl -gpu

Parsing model file "benchmarks/dtmcs/brp/brp.pm"...

Parsing properties file "benchmarks/dtmcs/brp/px.pctl"...

5 properties:
(1) P=? [ F<=1000 "deadlock" ]
(2) P=? [ F<=500 "deadlock" ]
(3) P=? [ F<=100 "deadlock" ]
(4) P=? [ F<=50 "deadlock" ]
(5) P=? [ F<=2 "deadlock" ]

Model constants: N=16,MAX=5

-------------------------------------------

Building model...

Computing reachable states...

Reachability: 111 iterations in 0.02 seconds (average 0.000180, setup 0.00)

Time for model construction: 0.04 seconds.

Type:        DTMC
Modules:     sender receiver checker channelK channelL 
Variables:   s srep nrtr i bs s_ab fs ls r rrep fr lr br r_ab recv T k l 

States:      1304 (1 initial)
Transitions: 1693

Transition matrix: 2102 nodes (6 terminal), 1693 minterms, vars: 33r/33c

Error: Model contains 38 deadlock states.
The first 10 deadlock states are displayed below. To view them all use the -v switch.
1:(0,1,5,1,false,false,true,false,0,0,false,false,false,false,false,true,0,0)
2:(0,1,5,1,false,false,true,false,0,0,true,false,false,true,true,true,0,0)
3:(0,1,5,2,true,false,false,false,0,0,false,false,true,false,true,true,0,0)
4:(0,1,5,2,true,false,false,false,0,0,true,false,false,true,true,true,0,0)
5:(0,1,5,3,false,false,false,false,0,0,false,false,false,true,true,true,0,0)
6:(0,1,5,3,false,false,false,false,0,0,false,false,true,false,true,true,0,0)
7:(0,1,5,4,true,false,false,false,0,0,false,false,false,true,true,true,0,0)
8:(0,1,5,4,true,false,false,false,0,0,false,false,true,false,true,true,0,0)
9:(0,1,5,5,false,false,false,false,0,0,false,false,false,true,true,true,0,0)
10:(0,1,5,5,false,false,false,false,0,0,false,false,true,false,true,true,0,0)

Tip: Use the -fixdl switch to automatically add self-loops in deadlock states.
PRISM
=====

Version: 4.0.2
Date: Mon Jan 13 19:54:24 GMT 2025
Hostname: 58867d1590a7
Command line: prism benchmarks/dtmcs/brp/brp.pm -const 'N=32,MAX=2' benchmarks/dtmcs/brp/px.pctl -gpu

Parsing model file "benchmarks/dtmcs/brp/brp.pm"...

Parsing properties file "benchmarks/dtmcs/brp/px.pctl"...

5 properties:
(1) P=? [ F<=1000 "deadlock" ]
(2) P=? [ F<=500 "deadlock" ]
(3) P=? [ F<=100 "deadlock" ]
(4) P=? [ F<=50 "deadlock" ]
(5) P=? [ F<=2 "deadlock" ]

Model constants: N=32,MAX=2

-------------------------------------------

Building model...

Computing reachable states...

Reachability: 201 iterations in 0.04 seconds (average 0.000174, setup 0.00)

Time for model construction: 0.056 seconds.

Type:        DTMC
Modules:     sender receiver checker channelK channelL 
Variables:   s srep nrtr i bs s_ab fs ls r rrep fr lr br r_ab recv T k l 

States:      1349 (1 initial)
Transitions: 1664

Transition matrix: 2141 nodes (6 terminal), 1664 minterms, vars: 33r/33c

Error: Model contains 67 deadlock states.
The first 10 deadlock states are displayed below. To view them all use the -v switch.
1:(0,1,2,1,false,false,true,false,0,0,false,false,false,false,false,true,0,0)
2:(0,1,2,1,false,false,true,false,0,0,true,false,false,true,true,true,0,0)
3:(0,1,2,2,true,false,false,false,0,0,false,false,true,false,true,true,0,0)
4:(0,1,2,2,true,false,false,false,0,0,true,false,false,true,true,true,0,0)
5:(0,1,2,3,false,false,false,false,0,0,false,false,false,true,true,true,0,0)
6:(0,1,2,3,false,false,false,false,0,0,false,false,true,false,true,true,0,0)
7:(0,1,2,4,true,false,false,false,0,0,false,false,false,true,true,true,0,0)
8:(0,1,2,4,true,false,false,false,0,0,false,false,true,false,true,true,0,0)
9:(0,1,2,5,false,false,false,false,0,0,false,false,false,true,true,true,0,0)
10:(0,1,2,5,false,false,false,false,0,0,false,false,true,false,true,true,0,0)

Tip: Use the -fixdl switch to automatically add self-loops in deadlock states.
#
# A fatal error has been detected by the Java Runtime Environment:
#
#  SIGSEGV (0xb) at pc=0x00007193598a4468, pid=7912, tid=0x000071937d8d6640
#
# JRE version: OpenJDK Runtime Environment (8.0_432) (build 1.8.0_432-8u432-ga~us1-0ubuntu2~22.04-ga)
# Java VM: OpenJDK 64-Bit Server VM (25.432-bga mixed mode linux-amd64 compressed oops)
# Problematic frame:
# C  [libdd.so+0x1e468]  Cudd_DebugCheck+0xaa8
#
# Core dump written. Default location: /root/StoRM-CUDA/core or core.7912
#
# An error report file with more information is saved as:
# /root/StoRM-CUDA/hs_err_pid7912.log
#
# If you would like to submit a bug report, please visit:
#   http://bugreport.java.com/bugreport/crash.jsp
# The crash happened outside the Java Virtual Machine in native code.
# See problematic frame for where to report the bug.
#
PRISM
=====

Version: 4.0.2
Date: Mon Jan 13 19:54:25 GMT 2025
Hostname: 58867d1590a7
Command line: prism benchmarks/dtmcs/brp/brp.pm -const 'N=32,MAX=3' benchmarks/dtmcs/brp/px.pctl -gpu

Parsing model file "benchmarks/dtmcs/brp/brp.pm"...

Parsing properties file "benchmarks/dtmcs/brp/px.pctl"...

5 properties:
(1) P=? [ F<=1000 "deadlock" ]
(2) P=? [ F<=500 "deadlock" ]
(3) P=? [ F<=100 "deadlock" ]
(4) P=? [ F<=50 "deadlock" ]
(5) P=? [ F<=2 "deadlock" ]

Model constants: N=32,MAX=3

-------------------------------------------

Building model...

Computing reachable states...

Reachability: 203 iterations in 0.04 seconds (average 0.000202, setup 0.00)

Time for model construction: 0.058 seconds.

Type:        DTMC
Modules:     sender receiver checker channelK channelL 
Variables:   s srep nrtr i bs s_ab fs ls r rrep fr lr br r_ab recv T k l 

States:      1766 (1 initial)
Transitions: 2239

Transition matrix: 2138 nodes (6 terminal), 2239 minterms, vars: 33r/33c

Error: Model contains 68 deadlock states.
The first 10 deadlock states are displayed below. To view them all use the -v switch.
1:(0,1,3,1,false,false,true,false,0,0,false,false,false,false,false,true,0,0)
2:(0,1,3,1,false,false,true,false,0,0,true,false,false,true,true,true,0,0)
3:(0,1,3,2,true,false,false,false,0,0,false,false,true,false,true,true,0,0)
4:(0,1,3,2,true,false,false,false,0,0,true,false,false,true,true,true,0,0)
5:(0,1,3,3,false,false,false,false,0,0,false,false,false,true,true,true,0,0)
6:(0,1,3,3,false,false,false,false,0,0,false,false,true,false,true,true,0,0)
7:(0,1,3,4,true,false,false,false,0,0,false,false,false,true,true,true,0,0)
8:(0,1,3,4,true,false,false,false,0,0,false,false,true,false,true,true,0,0)
9:(0,1,3,5,false,false,false,false,0,0,false,false,false,true,true,true,0,0)
10:(0,1,3,5,false,false,false,false,0,0,false,false,true,false,true,true,0,0)

Tip: Use the -fixdl switch to automatically add self-loops in deadlock states.
#
# A fatal error has been detected by the Java Runtime Environment:
#
#  SIGSEGV (0xb) at pc=0x0000737d69c81468, pid=7957, tid=0x0000737d8d949640
#
# JRE version: OpenJDK Runtime Environment (8.0_432) (build 1.8.0_432-8u432-ga~us1-0ubuntu2~22.04-ga)
# Java VM: OpenJDK 64-Bit Server VM (25.432-bga mixed mode linux-amd64 compressed oops)
# Problematic frame:
# C  [libdd.so+0x1e468]  Cudd_DebugCheck+0xaa8
#
# Core dump written. Default location: /root/StoRM-CUDA/core or core.7957
#
# An error report file with more information is saved as:
# /root/StoRM-CUDA/hs_err_pid7957.log
#
# If you would like to submit a bug report, please visit:
#   http://bugreport.java.com/bugreport/crash.jsp
# The crash happened outside the Java Virtual Machine in native code.
# See problematic frame for where to report the bug.
#
PRISM
=====

Version: 4.0.2
Date: Mon Jan 13 19:54:25 GMT 2025
Hostname: 58867d1590a7
Command line: prism benchmarks/dtmcs/brp/brp.pm -const 'N=32,MAX=4' benchmarks/dtmcs/brp/px.pctl -gpu

Parsing model file "benchmarks/dtmcs/brp/brp.pm"...

Parsing properties file "benchmarks/dtmcs/brp/px.pctl"...

5 properties:
(1) P=? [ F<=1000 "deadlock" ]
(2) P=? [ F<=500 "deadlock" ]
(3) P=? [ F<=100 "deadlock" ]
(4) P=? [ F<=50 "deadlock" ]
(5) P=? [ F<=2 "deadlock" ]

Model constants: N=32,MAX=4

-------------------------------------------

Building model...

Computing reachable states...

Reachability: 205 iterations in 0.04 seconds (average 0.000215, setup 0.00)

Time for model construction: 0.062 seconds.

Type:        DTMC
Modules:     sender receiver checker channelK channelL 
Variables:   s srep nrtr i bs s_ab fs ls r rrep fr lr br r_ab recv T k l 

States:      2183 (1 initial)
Transitions: 2814

Transition matrix: 2192 nodes (6 terminal), 2814 minterms, vars: 34r/34c

Error: Model contains 69 deadlock states.
The first 10 deadlock states are displayed below. To view them all use the -v switch.
1:(0,1,4,1,false,false,true,false,0,0,false,false,false,false,false,true,0,0)
2:(0,1,4,1,false,false,true,false,0,0,true,false,false,true,true,true,0,0)
3:(0,1,4,2,true,false,false,false,0,0,false,false,true,false,true,true,0,0)
4:(0,1,4,2,true,false,false,false,0,0,true,false,false,true,true,true,0,0)
5:(0,1,4,3,false,false,false,false,0,0,false,false,false,true,true,true,0,0)
6:(0,1,4,3,false,false,false,false,0,0,false,false,true,false,true,true,0,0)
7:(0,1,4,4,true,false,false,false,0,0,false,false,false,true,true,true,0,0)
8:(0,1,4,4,true,false,false,false,0,0,false,false,true,false,true,true,0,0)
9:(0,1,4,5,false,false,false,false,0,0,false,false,false,true,true,true,0,0)
10:(0,1,4,5,false,false,false,false,0,0,false,false,true,false,true,true,0,0)

Tip: Use the -fixdl switch to automatically add self-loops in deadlock states.
PRISM
=====

Version: 4.0.2
Date: Mon Jan 13 19:54:26 GMT 2025
Hostname: 58867d1590a7
Command line: prism benchmarks/dtmcs/brp/brp.pm -const 'N=32,MAX=5' benchmarks/dtmcs/brp/px.pctl -gpu

Parsing model file "benchmarks/dtmcs/brp/brp.pm"...

Parsing properties file "benchmarks/dtmcs/brp/px.pctl"...

5 properties:
(1) P=? [ F<=1000 "deadlock" ]
(2) P=? [ F<=500 "deadlock" ]
(3) P=? [ F<=100 "deadlock" ]
(4) P=? [ F<=50 "deadlock" ]
(5) P=? [ F<=2 "deadlock" ]

Model constants: N=32,MAX=5

-------------------------------------------

Building model...

Computing reachable states...

Reachability: 207 iterations in 0.04 seconds (average 0.000217, setup 0.00)

Time for model construction: 0.063 seconds.

Type:        DTMC
Modules:     sender receiver checker channelK channelL 
Variables:   s srep nrtr i bs s_ab fs ls r rrep fr lr br r_ab recv T k l 

States:      2600 (1 initial)
Transitions: 3389

Transition matrix: 2185 nodes (6 terminal), 3389 minterms, vars: 34r/34c

Error: Model contains 70 deadlock states.
The first 10 deadlock states are displayed below. To view them all use the -v switch.
1:(0,1,5,1,false,false,true,false,0,0,false,false,false,false,false,true,0,0)
2:(0,1,5,1,false,false,true,false,0,0,true,false,false,true,true,true,0,0)
3:(0,1,5,2,true,false,false,false,0,0,false,false,true,false,true,true,0,0)
4:(0,1,5,2,true,false,false,false,0,0,true,false,false,true,true,true,0,0)
5:(0,1,5,3,false,false,false,false,0,0,false,false,false,true,true,true,0,0)
6:(0,1,5,3,false,false,false,false,0,0,false,false,true,false,true,true,0,0)
7:(0,1,5,4,true,false,false,false,0,0,false,false,false,true,true,true,0,0)
8:(0,1,5,4,true,false,false,false,0,0,false,false,true,false,true,true,0,0)
9:(0,1,5,5,false,false,false,false,0,0,false,false,false,true,true,true,0,0)
10:(0,1,5,5,false,false,false,false,0,0,false,false,true,false,true,true,0,0)

Tip: Use the -fixdl switch to automatically add self-loops in deadlock states.
#
# A fatal error has been detected by the Java Runtime Environment:
#
#  SIGSEGV (0xb) at pc=0x00007c9f503a4468, pid=8047, tid=0x00007c9f703a9640
#
# JRE version: OpenJDK Runtime Environment (8.0_432) (build 1.8.0_432-8u432-ga~us1-0ubuntu2~22.04-ga)
# Java VM: OpenJDK 64-Bit Server VM (25.432-bga mixed mode linux-amd64 compressed oops)
# Problematic frame:
# C  [libdd.so+0x1e468]  Cudd_DebugCheck+0xaa8
#
# Core dump written. Default location: /root/StoRM-CUDA/core or core.8047
#
# An error report file with more information is saved as:
# /root/StoRM-CUDA/hs_err_pid8047.log
#
# If you would like to submit a bug report, please visit:
#   http://bugreport.java.com/bugreport/crash.jsp
# The crash happened outside the Java Virtual Machine in native code.
# See problematic frame for where to report the bug.
#
PRISM
=====

Version: 4.0.2
Date: Mon Jan 13 19:54:26 GMT 2025
Hostname: 58867d1590a7
Command line: prism benchmarks/dtmcs/brp/brp.pm -const 'N=64,MAX=2' benchmarks/dtmcs/brp/px.pctl -gpu

Parsing model file "benchmarks/dtmcs/brp/brp.pm"...

Parsing properties file "benchmarks/dtmcs/brp/px.pctl"...

5 properties:
(1) P=? [ F<=1000 "deadlock" ]
(2) P=? [ F<=500 "deadlock" ]
(3) P=? [ F<=100 "deadlock" ]
(4) P=? [ F<=50 "deadlock" ]
(5) P=? [ F<=2 "deadlock" ]

Model constants: N=64,MAX=2

-------------------------------------------

Building model...

Computing reachable states...

Reachability: 393 iterations in 0.07 seconds (average 0.000183, setup 0.00)

Time for model construction: 0.095 seconds.

Type:        DTMC
Modules:     sender receiver checker channelK channelL 
Variables:   s srep nrtr i bs s_ab fs ls r rrep fr lr br r_ab recv T k l 

States:      2693 (1 initial)
Transitions: 3328

Transition matrix: 2224 nodes (6 terminal), 3328 minterms, vars: 34r/34c

Error: Model contains 131 deadlock states.
The first 10 deadlock states are displayed below. To view them all use the -v switch.
1:(0,1,2,1,false,false,true,false,0,0,false,false,false,false,false,true,0,0)
2:(0,1,2,1,false,false,true,false,0,0,true,false,false,true,true,true,0,0)
3:(0,1,2,2,true,false,false,false,0,0,false,false,true,false,true,true,0,0)
4:(0,1,2,2,true,false,false,false,0,0,true,false,false,true,true,true,0,0)
5:(0,1,2,3,false,false,false,false,0,0,false,false,false,true,true,true,0,0)
6:(0,1,2,3,false,false,false,false,0,0,false,false,true,false,true,true,0,0)
7:(0,1,2,4,true,false,false,false,0,0,false,false,false,true,true,true,0,0)
8:(0,1,2,4,true,false,false,false,0,0,false,false,true,false,true,true,0,0)
9:(0,1,2,5,false,false,false,false,0,0,false,false,false,true,true,true,0,0)
10:(0,1,2,5,false,false,false,false,0,0,false,false,true,false,true,true,0,0)

Tip: Use the -fixdl switch to automatically add self-loops in deadlock states.
PRISM
=====

Version: 4.0.2
Date: Mon Jan 13 19:54:27 GMT 2025
Hostname: 58867d1590a7
Command line: prism benchmarks/dtmcs/brp/brp.pm -const 'N=64,MAX=3' benchmarks/dtmcs/brp/px.pctl -gpu

Parsing model file "benchmarks/dtmcs/brp/brp.pm"...

Parsing properties file "benchmarks/dtmcs/brp/px.pctl"...

5 properties:
(1) P=? [ F<=1000 "deadlock" ]
(2) P=? [ F<=500 "deadlock" ]
(3) P=? [ F<=100 "deadlock" ]
(4) P=? [ F<=50 "deadlock" ]
(5) P=? [ F<=2 "deadlock" ]

Model constants: N=64,MAX=3

-------------------------------------------

Building model...

Computing reachable states...

Reachability: 395 iterations in 0.07 seconds (average 0.000190, setup 0.00)

Time for model construction: 0.096 seconds.

Type:        DTMC
Modules:     sender receiver checker channelK channelL 
Variables:   s srep nrtr i bs s_ab fs ls r rrep fr lr br r_ab recv T k l 

States:      3526 (1 initial)
Transitions: 4479

Transition matrix: 2221 nodes (6 terminal), 4479 minterms, vars: 34r/34c

Error: Model contains 132 deadlock states.
The first 10 deadlock states are displayed below. To view them all use the -v switch.
1:(0,1,3,1,false,false,true,false,0,0,false,false,false,false,false,true,0,0)
2:(0,1,3,1,false,false,true,false,0,0,true,false,false,true,true,true,0,0)
3:(0,1,3,2,true,false,false,false,0,0,false,false,true,false,true,true,0,0)
4:(0,1,3,2,true,false,false,false,0,0,true,false,false,true,true,true,0,0)
5:(0,1,3,3,false,false,false,false,0,0,false,false,false,true,true,true,0,0)
6:(0,1,3,3,false,false,false,false,0,0,false,false,true,false,true,true,0,0)
7:(0,1,3,4,true,false,false,false,0,0,false,false,false,true,true,true,0,0)
8:(0,1,3,4,true,false,false,false,0,0,false,false,true,false,true,true,0,0)
9:(0,1,3,5,false,false,false,false,0,0,false,false,false,true,true,true,0,0)
10:(0,1,3,5,false,false,false,false,0,0,false,false,true,false,true,true,0,0)

Tip: Use the -fixdl switch to automatically add self-loops in deadlock states.
#
# A fatal error has been detected by the Java Runtime Environment:
#
#  SIGSEGV (0xb) at pc=0x000071c5be47e468, pid=8137, tid=0x000071c5e2252640
#
# JRE version: OpenJDK Runtime Environment (8.0_432) (build 1.8.0_432-8u432-ga~us1-0ubuntu2~22.04-ga)
# Java VM: OpenJDK 64-Bit Server VM (25.432-bga mixed mode linux-amd64 compressed oops)
# Problematic frame:
# C  [libdd.so+0x1e468]  Cudd_DebugCheck+0xaa8
#
# Core dump written. Default location: /root/StoRM-CUDA/core or core.8137
#
# An error report file with more information is saved as:
# /root/StoRM-CUDA/hs_err_pid8137.log
#
# If you would like to submit a bug report, please visit:
#   http://bugreport.java.com/bugreport/crash.jsp
# The crash happened outside the Java Virtual Machine in native code.
# See problematic frame for where to report the bug.
#
PRISM
=====

Version: 4.0.2
Date: Mon Jan 13 19:54:27 GMT 2025
Hostname: 58867d1590a7
Command line: prism benchmarks/dtmcs/brp/brp.pm -const 'N=64,MAX=4' benchmarks/dtmcs/brp/px.pctl -gpu

Parsing model file "benchmarks/dtmcs/brp/brp.pm"...

Parsing properties file "benchmarks/dtmcs/brp/px.pctl"...

5 properties:
(1) P=? [ F<=1000 "deadlock" ]
(2) P=? [ F<=500 "deadlock" ]
(3) P=? [ F<=100 "deadlock" ]
(4) P=? [ F<=50 "deadlock" ]
(5) P=? [ F<=2 "deadlock" ]

Model constants: N=64,MAX=4

-------------------------------------------

Building model...

Computing reachable states...

Reachability: 397 iterations in 0.08 seconds (average 0.000202, setup 0.00)

Time for model construction: 0.103 seconds.

Type:        DTMC
Modules:     sender receiver checker channelK channelL 
Variables:   s srep nrtr i bs s_ab fs ls r rrep fr lr br r_ab recv T k l 

States:      4359 (1 initial)
Transitions: 5630

Transition matrix: 2275 nodes (6 terminal), 5630 minterms, vars: 35r/35c

Error: Model contains 133 deadlock states.
The first 10 deadlock states are displayed below. To view them all use the -v switch.
1:(0,1,4,1,false,false,true,false,0,0,false,false,false,false,false,true,0,0)
2:(0,1,4,1,false,false,true,false,0,0,true,false,false,true,true,true,0,0)
3:(0,1,4,2,true,false,false,false,0,0,false,false,true,false,true,true,0,0)
4:(0,1,4,2,true,false,false,false,0,0,true,false,false,true,true,true,0,0)
5:(0,1,4,3,false,false,false,false,0,0,false,false,false,true,true,true,0,0)
6:(0,1,4,3,false,false,false,false,0,0,false,false,true,false,true,true,0,0)
7:(0,1,4,4,true,false,false,false,0,0,false,false,false,true,true,true,0,0)
8:(0,1,4,4,true,false,false,false,0,0,false,false,true,false,true,true,0,0)
9:(0,1,4,5,false,false,false,false,0,0,false,false,false,true,true,true,0,0)
10:(0,1,4,5,false,false,false,false,0,0,false,false,true,false,true,true,0,0)

Tip: Use the -fixdl switch to automatically add self-loops in deadlock states.
#
# A fatal error has been detected by the Java Runtime Environment:
#
#  SIGSEGV (0xb) at pc=0x00007b41904a4468, pid=8182, tid=0x00007b41b04c1640
#
# JRE version: OpenJDK Runtime Environment (8.0_432) (build 1.8.0_432-8u432-ga~us1-0ubuntu2~22.04-ga)
# Java VM: OpenJDK 64-Bit Server VM (25.432-bga mixed mode linux-amd64 compressed oops)
# Problematic frame:
# C  [libdd.so+0x1e468]  Cudd_DebugCheck+0xaa8
#
# Core dump written. Default location: /root/StoRM-CUDA/core or core.8182
#
# An error report file with more information is saved as:
# /root/StoRM-CUDA/hs_err_pid8182.log
#
# If you would like to submit a bug report, please visit:
#   http://bugreport.java.com/bugreport/crash.jsp
# The crash happened outside the Java Virtual Machine in native code.
# See problematic frame for where to report the bug.
#
PRISM
=====

Version: 4.0.2
Date: Mon Jan 13 19:54:28 GMT 2025
Hostname: 58867d1590a7
Command line: prism benchmarks/dtmcs/brp/brp.pm -const 'N=64,MAX=5' benchmarks/dtmcs/brp/px.pctl -gpu

Parsing model file "benchmarks/dtmcs/brp/brp.pm"...

Parsing properties file "benchmarks/dtmcs/brp/px.pctl"...

5 properties:
(1) P=? [ F<=1000 "deadlock" ]
(2) P=? [ F<=500 "deadlock" ]
(3) P=? [ F<=100 "deadlock" ]
(4) P=? [ F<=50 "deadlock" ]
(5) P=? [ F<=2 "deadlock" ]

Model constants: N=64,MAX=5

-------------------------------------------

Building model...

Computing reachable states...

Reachability: 399 iterations in 0.09 seconds (average 0.000213, setup 0.00)

Time for model construction: 0.107 seconds.

Type:        DTMC
Modules:     sender receiver checker channelK channelL 
Variables:   s srep nrtr i bs s_ab fs ls r rrep fr lr br r_ab recv T k l 

States:      5192 (1 initial)
Transitions: 6781

Transition matrix: 2268 nodes (6 terminal), 6781 minterms, vars: 35r/35c

Error: Model contains 134 deadlock states.
The first 10 deadlock states are displayed below. To view them all use the -v switch.
1:(0,1,5,1,false,false,true,false,0,0,false,false,false,false,false,true,0,0)
2:(0,1,5,1,false,false,true,false,0,0,true,false,false,true,true,true,0,0)
3:(0,1,5,2,true,false,false,false,0,0,false,false,true,false,true,true,0,0)
4:(0,1,5,2,true,false,false,false,0,0,true,false,false,true,true,true,0,0)
5:(0,1,5,3,false,false,false,false,0,0,false,false,false,true,true,true,0,0)
6:(0,1,5,3,false,false,false,false,0,0,false,false,true,false,true,true,0,0)
7:(0,1,5,4,true,false,false,false,0,0,false,false,false,true,true,true,0,0)
8:(0,1,5,4,true,false,false,false,0,0,false,false,true,false,true,true,0,0)
9:(0,1,5,5,false,false,false,false,0,0,false,false,false,true,true,true,0,0)
10:(0,1,5,5,false,false,false,false,0,0,false,false,true,false,true,true,0,0)

Tip: Use the -fixdl switch to automatically add self-loops in deadlock states.
